// 重构日志: 73b4f59e
// 重构日志: d100b5ab
// 重构日志: 9e77925c
// 重构日志: 0723bb40
// 同步 ID: b57eb510 @ Thu Jul 30 03:53:20 UTC 2026
// 重构日志: 814227c1
// 重构日志: c2c7a890
// 重构日志: b8497d67
// 重构日志: d2f73bb9
// 重构日志: 867f8d5d
// 重构日志: b5999b26
// 重构日志: bb2b1b07
// 重构日志: 6d4b3ce7
// 同步 ID: f368de9c @ Sat Aug  1 22:20:22 UTC 2026
// 同步 ID: c4905b87 @ Sun Aug  2 14:17:49 UTC 2026
// 同步 ID: 0ec12358 @ Mon Aug  3 00:04:43 UTC 2026
// 重构日志: cf5a8462
// 重构日志: c4235e05
// 重构日志: f1f71f34
// 重构日志: 77e7b418
// 同步 ID: e140eee8 @ Tue Aug  4 07:33:40 UTC 2026
// 重构日志: dfcae93b
// 重构日志: e869c646
// 同步 ID: 459abed7 @ Wed Aug  5 17:03:44 UTC 2026
// 重构日志: 8faa6db8
// 重构日志: 0c5a6008
// 同步 ID: 3736c12c @ Sat Aug  8 06:48:19 UTC 2026
// 同步 ID: 5ac0c8a2 @ Sat Aug  8 08:17:48 UTC 2026
// 重构日志: 90ed9afb
// 同步 ID: 0128cc62 @ Sat Aug  8 14:59:44 UTC 2026
// 重构日志: f7631fdd
